../Core/Src/main.c:63:6:delay	16	static
../Core/Src/main.c:77:6:Set_Pin_Output	40	static
../Core/Src/main.c:86:6:Set_Pin_Input	40	static
../Core/Src/main.c:101:6:DHT11_Start	8	static
../Core/Src/main.c:111:9:DHT11_Check_Response	16	static
../Core/Src/main.c:126:9:DHT11_Read	16	static
../Core/Src/main.c:148:5:main	8	static
../Core/Src/main.c:207:6:SystemClock_Config	88	static
../Core/Src/main.c:253:13:MX_I2C1_Init	8	static
../Core/Src/main.c:287:13:MX_TIM10_Init	8	static
../Core/Src/main.c:318:13:MX_GPIO_Init	40	static
../Core/Src/main.c:351:6:Error_Handler	4	static,ignoring_inline_asm
